Already up to date
Done in 564ms using pnpm v11.17.0

Running 244 tests using 1 worker

  ✓  1 [mobile-320] › tests/e2e/contact.spec.ts:15:5 › Contacto conserva columnas legibles en tablet y desktop (353ms)
  ✓  2 [mobile-320] › tests/e2e/contact.spec.ts:31:5 › Contacto anuncia el envío dentro del botón y evita solicitudes repetidas mientras procesa (1.7s)
  ✓  3 [mobile-320] › tests/e2e/contact.spec.ts:47:5 › Contacto no muestra el estado de envío cuando la validación nativa rechaza el formulario (278ms)
  ✓  4 [mobile-320] › tests/e2e/contact.spec.ts:60:5 › Contacto publica los datos institucionales y un formulario accesible (703ms)
  ✓  5 [mobile-320] › tests/e2e/contact.spec.ts:84:5 › Contacto asocia errores, conserva teclado y no revela la configuración interna (3.9s)
  ✓  6 [mobile-320] › tests/e2e/document-admin.spec.ts:111:7 › experiencia administrativa de documentos PDF › A1.1 selecciona un PDF desde Media Library sin mostrar ID ni URL (2.4s)
  ✓  7 [mobile-320] › tests/e2e/document-admin.spec.ts:122:7 › experiencia administrativa de documentos PDF › A1.2 permite reemplazar y retirar sin borrar el adjunto (2.1s)
  ✓  8 [mobile-320] › tests/e2e/document-admin.spec.ts:132:7 › experiencia administrativa de documentos PDF › A1.3 un fallo de Media Library conserva la asociación previa y orienta (2.2s)
  ✓  9 [mobile-320] › tests/e2e/document-admin.spec.ts:139:7 › experiencia administrativa de documentos PDF › A2.1 muestra nombre, peso y estado textual del PDF (1.9s)
  ✓  10 [mobile-320] › tests/e2e/document-admin.spec.ts:147:7 › experiencia administrativa de documentos PDF › A2.2 informa el menor límite efectivo configurado por WordPress (1.8s)
  ✓  11 [mobile-320] › tests/e2e/document-admin.spec.ts:157:7 › experiencia administrativa de documentos PDF › A2.3 rechaza un archivo sobredimensionado con acción correctiva (1.8s)
  ✓  12 [mobile-320] › tests/e2e/document-admin.spec.ts:164:7 › experiencia administrativa de documentos PDF › A3.1 completa el flujo del editor de bloques solo con teclado (2.4s)
  ✓  13 [mobile-320] › tests/e2e/document-admin.spec.ts:174:7 › experiencia administrativa de documentos PDF › A3.2 el editor clásico ofrece controles equivalentes y ayuda asociada (2.0s)
  ✓  14 [mobile-320] › tests/e2e/document-admin.spec.ts:183:7 › experiencia administrativa de documentos PDF › A3.3 anuncia errores, enfoca el primer campo inválido y pasa axe (2.6s)
  ✓  15 [mobile-320] › tests/e2e/document-admin.spec.ts:196:7 › experiencia administrativa de documentos PDF › E1 reemplaza por biblioteca, guarda por HTTP clásico y reintenta sin reselección (6.7s)
  ✓  16 [mobile-320] › tests/e2e/document-admin.spec.ts:284:7 › experiencia administrativa de documentos PDF › E2 identifica ayuda y estado al enfocar controles de ambos editores (4.0s)
  ✓  17 [mobile-320] › tests/e2e/document-admin.spec.ts:304:7 › experiencia administrativa de documentos PDF › E3 fallo real de carga conserva asociación y ofrece error accionable (2.0s)
  ✓  18 [mobile-320] › tests/e2e/document-admin.spec.ts:316:7 › experiencia administrativa de documentos PDF › E4 carga real sobredimensionada se rechaza con límite visible (2.1s)
  ✓  19 [mobile-320] › tests/e2e/document-admin.spec.ts:345:7 › experiencia administrativa de documentos PDF › E5 selecciona, reemplaza, retira y corrige con activación por teclado (2.5s)
  ✓  20 [mobile-320] › tests/e2e/home.spec.ts:6:5 › ultimas noticias conserva medios cargados y metadatos semanticos (791ms)
  ✓  21 [mobile-320] › tests/e2e/home.spec.ts:32:5 › ultimas noticias compone una destacada, tres laterales y navegacion editorial (396ms)
  ✓  22 [mobile-320] › tests/e2e/home.spec.ts:44:5 › ultimas noticias conserva orden y geometria responsive sin desborde (439ms)
  ✓  23 [mobile-320] › tests/e2e/home.spec.ts:68:5 › ultimas noticias conserva orden secuencial y foco visible a 320 pixeles (498ms)
  ✓  24 [mobile-320] › tests/e2e/home.spec.ts:97:5 › slider muestra dots circulares alineados y sin desborde vertical normal (1.6s)
  ✓  25 [mobile-320] › tests/e2e/home.spec.ts:158:5 › secciones del inicio usan las superficies exactas del diseño (399ms)
  ✓  26 [mobile-320] › tests/e2e/home.spec.ts:173:5 › vinculacion reproduce la composicion editorial y se adapta sin desborde (720ms)
  ✓  27 [mobile-320] › tests/e2e/home.spec.ts:217:5 › slider mantiene altura al usar anterior, siguiente e indicadores (1.9s)
  ✓  28 [mobile-320] › tests/e2e/home.spec.ts:239:5 › inicio responde y no presenta violaciones axe automaticas (1.1s)
  ✓  29 [mobile-320] › tests/e2e/home.spec.ts:247:5 › inicio conserva el orden aprobado y excluye secciones retiradas (497ms)
  ✓  30 [mobile-320] › tests/e2e/home.spec.ts:259:5 › slider conserva controles y aliados funciona como marquee solo de logos (2.0s)
  ✓  31 [mobile-320] › tests/e2e/home.spec.ts:356:5 › slider y aliados quedan estaticos con movimiento reducido (7.9s)
  ✓  32 [mobile-320] › tests/e2e/home.spec.ts:397:5 › aliados mantiene proporción, alt y ancho sin desborde (1.2s)
6.2 geometry 320: {"overflow":false,"sideBySide":false,"stacked":true}
6.2 geometry 1440: {"overflow":false,"sideBySide":true,"stacked":false}
  ✓  33 [mobile-320] › tests/e2e/public-experience.spec.ts:14:5 › Nosotros inicia con un banner editorial estático y responsive (1.0s)
  ✓  34 [mobile-320] › tests/e2e/public-experience.spec.ts:67:5 › Nosotros presenta Misión y Visión administrables con composición responsive (905ms)
  ✓  35 [mobile-320] › tests/e2e/public-experience.spec.ts:134:5 › Misión y Visión adaptan contenido editorial largo sin desborde ni solapamiento (449ms)
  ✓  36 [mobile-320] › tests/e2e/public-experience.spec.ts:169:5 › Nosotros presenta integrantes editables, filtrables y responsive (1.2s)
  ✓  37 [mobile-320] › tests/e2e/public-experience.spec.ts:226:5 › Nosotros reutiliza el CTA de vinculación después del equipo (1.3s)
  ✓  38 [mobile-320] › tests/e2e/public-experience.spec.ts:326:5 › contenido publico conserva ancho maximo, centrado y gutters coherentes (701ms)
  ✘  39 [mobile-320] › tests/e2e/public-experience.spec.ts:349:5 › 3.1 navegación global, páginas institucionales, foco y ruta ausente (5.5s)
  ✓  40 [mobile-320] › tests/e2e/public-experience.spec.ts:369:5 › 3.2 actualidad ofrece filtros, detalle, estado vacío y privacidad (670ms)
  ✓  41 [mobile-320] › tests/e2e/public-experience.spec.ts:393:5 › 3.4 documentos ofrece filtros, estado vacío y composición responsive (510ms)
  ✓  42 [mobile-320] › tests/e2e/public-experience.spec.ts:416:5 › 3.2 selecciones filtra Piso y Playa sin exponer privados (359ms)
  ✓  43 [mobile-320] › tests/e2e/public-experience.spec.ts:426:5 › 4.2 Selecciones cubre filas, vacio, ultima pagina, teclado, touch y sin JavaScript (941ms)
  ✓  44 [mobile-320] › tests/e2e/public-experience.spec.ts:492:5 › 4.4 Selecciones conserva contraste y ausencia de desborde al 200% en cinco anchos (2.9s)
  ✓  45 [mobile-320] › tests/e2e/public-experience.spec.ts:507:5 › 3.3 no hay desborde, axe pasa y reduced motion se respeta (2.9s)
  ✓  46 [mobile-320] › tests/e2e/public-experience.spec.ts:520:5 › 3.1 contraste, estados y foco cumplen AA en Actualidad a cinco viewports (2.6s)
  ✓  47 [mobile-320] › tests/e2e/public-experience.spec.ts:576:5 › 6.2 Documentos conserva composición y texto largo sin desborde (958ms)
  ✓  48 [mobile-320] › tests/e2e/public-experience.spec.ts:613:5 › portada y Selecciones conservan contenido en los anchos objetivo (2.3s)
  ✓  49 [mobile-320] › tests/e2e/public-experience.spec.ts:625:5 › 1.2 actualidad reproduce las regiones Pencil, filtros y navegación responsive (1.7s)
  ✓  50 [mobile-320] › tests/e2e/public-experience.spec.ts:706:5 › detalle de actualidad mantiene contenido nativo y compartir accesible (2.3s)
  ✓  51 [mobile-320] › tests/e2e/public-experience.spec.ts:790:7 › Nosotros filtros por teclado y privacidad con JS true (596ms)
  ✓  52 [mobile-320] › tests/e2e/public-experience.spec.ts:790:7 › Nosotros filtros por teclado y privacidad con JS false (800ms)
  ✓  53 [mobile-320] › tests/e2e/public-experience.spec.ts:815:5 › Nosotros anuncia y restablece un grupo vacío al filtrar localmente (407ms)
  ✓  54 [mobile-320] › tests/e2e/public-experience.spec.ts:828:5 › Documentos limpia ambas regiones por teclado y restablece todos los controles (647ms)
  ✓  55 [mobile-320] › tests/e2e/verify-correctives.spec.ts:3:5 › navegacion escritorio completa y ubicacion activa (455ms)
  ✘  56 [mobile-320] › tests/e2e/verify-correctives.spec.ts:14:5 › submenú de Selecciones se cierra al abandonar su contexto (5.7s)
  ✓  57 [mobile-320] › tests/e2e/verify-correctives.spec.ts:28:5 › jerarquia de header permanece estable en Inicio y Actualidad (953ms)
  ✓  58 [mobile-320] › tests/e2e/verify-correctives.spec.ts:54:5 › navegacion movil conserva foco visible y recorrido predecible (548ms)
  ✓  59 [mobile-320] › tests/e2e/verify-correctives.spec.ts:75:5 › recorrido accesible llega al contenido y mantiene mensajes identificables (486ms)
  -  60 [mobile-320] › tests/e2e/verify-correctives.spec.ts:85:5 › submenu Selecciones abre por hover y conserva cierre por clic y Escape
  ✘  61 [mobile-320] › tests/e2e/verify-correctives.spec.ts:108:5 › submenu Selecciones conserva padre activo y teclado en ambas modalidades (5.4s)
  ✓  62 [tablet-768] › tests/e2e/contact.spec.ts:15:5 › Contacto conserva columnas legibles en tablet y desktop (340ms)
  ✓  63 [tablet-768] › tests/e2e/contact.spec.ts:31:5 › Contacto anuncia el envío dentro del botón y evita solicitudes repetidas mientras procesa (1.7s)
  ✓  64 [tablet-768] › tests/e2e/contact.spec.ts:47:5 › Contacto no muestra el estado de envío cuando la validación nativa rechaza el formulario (249ms)
  ✓  65 [tablet-768] › tests/e2e/contact.spec.ts:60:5 › Contacto publica los datos institucionales y un formulario accesible (794ms)
  ✓  66 [tablet-768] › tests/e2e/contact.spec.ts:84:5 › Contacto asocia errores, conserva teclado y no revela la configuración interna (2.3s)
  ✓  67 [tablet-768] › tests/e2e/document-admin.spec.ts:111:7 › experiencia administrativa de documentos PDF › A1.1 selecciona un PDF desde Media Library sin mostrar ID ni URL (2.7s)
  ✓  68 [tablet-768] › tests/e2e/document-admin.spec.ts:122:7 › experiencia administrativa de documentos PDF › A1.2 permite reemplazar y retirar sin borrar el adjunto (2.6s)
  ✓  69 [tablet-768] › tests/e2e/document-admin.spec.ts:132:7 › experiencia administrativa de documentos PDF › A1.3 un fallo de Media Library conserva la asociación previa y orienta (2.3s)
  ✓  70 [tablet-768] › tests/e2e/document-admin.spec.ts:139:7 › experiencia administrativa de documentos PDF › A2.1 muestra nombre, peso y estado textual del PDF (2.4s)
  ✓  71 [tablet-768] › tests/e2e/document-admin.spec.ts:147:7 › experiencia administrativa de documentos PDF › A2.2 informa el menor límite efectivo configurado por WordPress (2.9s)
  ✓  72 [tablet-768] › tests/e2e/document-admin.spec.ts:157:7 › experiencia administrativa de documentos PDF › A2.3 rechaza un archivo sobredimensionado con acción correctiva (2.8s)
  ✓  73 [tablet-768] › tests/e2e/document-admin.spec.ts:164:7 › experiencia administrativa de documentos PDF › A3.1 completa el flujo del editor de bloques solo con teclado (2.4s)
  ✓  74 [tablet-768] › tests/e2e/document-admin.spec.ts:174:7 › experiencia administrativa de documentos PDF › A3.2 el editor clásico ofrece controles equivalentes y ayuda asociada (2.2s)
  ✓  75 [tablet-768] › tests/e2e/document-admin.spec.ts:183:7 › experiencia administrativa de documentos PDF › A3.3 anuncia errores, enfoca el primer campo inválido y pasa axe (2.6s)
  ✓  76 [tablet-768] › tests/e2e/document-admin.spec.ts:196:7 › experiencia administrativa de documentos PDF › E1 reemplaza por biblioteca, guarda por HTTP clásico y reintenta sin reselección (6.7s)
  ✓  77 [tablet-768] › tests/e2e/document-admin.spec.ts:284:7 › experiencia administrativa de documentos PDF › E2 identifica ayuda y estado al enfocar controles de ambos editores (3.2s)
  ✓  78 [tablet-768] › tests/e2e/document-admin.spec.ts:304:7 › experiencia administrativa de documentos PDF › E3 fallo real de carga conserva asociación y ofrece error accionable (2.6s)
  ✓  79 [tablet-768] › tests/e2e/document-admin.spec.ts:316:7 › experiencia administrativa de documentos PDF › E4 carga real sobredimensionada se rechaza con límite visible (2.3s)
  ✓  80 [tablet-768] › tests/e2e/document-admin.spec.ts:345:7 › experiencia administrativa de documentos PDF › E5 selecciona, reemplaza, retira y corrige con activación por teclado (2.4s)
  ✓  81 [tablet-768] › tests/e2e/home.spec.ts:6:5 › ultimas noticias conserva medios cargados y metadatos semanticos (819ms)
  ✓  82 [tablet-768] › tests/e2e/home.spec.ts:32:5 › ultimas noticias compone una destacada, tres laterales y navegacion editorial (549ms)
  ✓  83 [tablet-768] › tests/e2e/home.spec.ts:44:5 › ultimas noticias conserva orden y geometria responsive sin desborde (584ms)
  ✓  84 [tablet-768] › tests/e2e/home.spec.ts:68:5 › ultimas noticias conserva orden secuencial y foco visible a 320 pixeles (720ms)
  ✓  85 [tablet-768] › tests/e2e/home.spec.ts:97:5 › slider muestra dots circulares alineados y sin desborde vertical normal (2.6s)
  ✓  86 [tablet-768] › tests/e2e/home.spec.ts:158:5 › secciones del inicio usan las superficies exactas del diseño (632ms)
  ✓  87 [tablet-768] › tests/e2e/home.spec.ts:173:5 › vinculacion reproduce la composicion editorial y se adapta sin desborde (924ms)
  ✓  88 [tablet-768] › tests/e2e/home.spec.ts:217:5 › slider mantiene altura al usar anterior, siguiente e indicadores (2.0s)
  ✓  89 [tablet-768] › tests/e2e/home.spec.ts:239:5 › inicio responde y no presenta violaciones axe automaticas (1.2s)
  ✓  90 [tablet-768] › tests/e2e/home.spec.ts:247:5 › inicio conserva el orden aprobado y excluye secciones retiradas (502ms)
  ✓  91 [tablet-768] › tests/e2e/home.spec.ts:259:5 › slider conserva controles y aliados funciona como marquee solo de logos (1.8s)
  ✓  92 [tablet-768] › tests/e2e/home.spec.ts:356:5 › slider y aliados quedan estaticos con movimiento reducido (8.2s)
  ✓  93 [tablet-768] › tests/e2e/home.spec.ts:397:5 › aliados mantiene proporción, alt y ancho sin desborde (1.3s)
6.2 geometry 320: {"overflow":false,"sideBySide":false,"stacked":true}
6.2 geometry 1440: {"overflow":false,"sideBySide":true,"stacked":false}
  ✓  94 [tablet-768] › tests/e2e/public-experience.spec.ts:14:5 › Nosotros inicia con un banner editorial estático y responsive (1.4s)
  ✓  95 [tablet-768] › tests/e2e/public-experience.spec.ts:67:5 › Nosotros presenta Misión y Visión administrables con composición responsive (1.1s)
  ✓  96 [tablet-768] › tests/e2e/public-experience.spec.ts:134:5 › Misión y Visión adaptan contenido editorial largo sin desborde ni solapamiento (659ms)
  ✓  97 [tablet-768] › tests/e2e/public-experience.spec.ts:169:5 › Nosotros presenta integrantes editables, filtrables y responsive (1.5s)
  ✓  98 [tablet-768] › tests/e2e/public-experience.spec.ts:226:5 › Nosotros reutiliza el CTA de vinculación después del equipo (1.5s)
  ✓  99 [tablet-768] › tests/e2e/public-experience.spec.ts:326:5 › contenido publico conserva ancho maximo, centrado y gutters coherentes (622ms)
  ✓  100 [tablet-768] › tests/e2e/public-experience.spec.ts:349:5 › 3.1 navegación global, páginas institucionales, foco y ruta ausente (914ms)
  ✓  101 [tablet-768] › tests/e2e/public-experience.spec.ts:369:5 › 3.2 actualidad ofrece filtros, detalle, estado vacío y privacidad (814ms)
  ✓  102 [tablet-768] › tests/e2e/public-experience.spec.ts:393:5 › 3.4 documentos ofrece filtros, estado vacío y composición responsive (581ms)
  ✓  103 [tablet-768] › tests/e2e/public-experience.spec.ts:416:5 › 3.2 selecciones filtra Piso y Playa sin exponer privados (406ms)
  ✓  104 [tablet-768] › tests/e2e/public-experience.spec.ts:426:5 › 4.2 Selecciones cubre filas, vacio, ultima pagina, teclado, touch y sin JavaScript (1.1s)
  ✓  105 [tablet-768] › tests/e2e/public-experience.spec.ts:492:5 › 4.4 Selecciones conserva contraste y ausencia de desborde al 200% en cinco anchos (3.5s)
  ✓  106 [tablet-768] › tests/e2e/public-experience.spec.ts:507:5 › 3.3 no hay desborde, axe pasa y reduced motion se respeta (3.1s)
  ✓  107 [tablet-768] › tests/e2e/public-experience.spec.ts:520:5 › 3.1 contraste, estados y foco cumplen AA en Actualidad a cinco viewports (3.1s)
  ✓  108 [tablet-768] › tests/e2e/public-experience.spec.ts:576:5 › 6.2 Documentos conserva composición y texto largo sin desborde (1.8s)
  ✓  109 [tablet-768] › tests/e2e/public-experience.spec.ts:613:5 › portada y Selecciones conservan contenido en los anchos objetivo (2.7s)
  ✓  110 [tablet-768] › tests/e2e/public-experience.spec.ts:625:5 › 1.2 actualidad reproduce las regiones Pencil, filtros y navegación responsive (1.8s)
  ✓  111 [tablet-768] › tests/e2e/public-experience.spec.ts:706:5 › detalle de actualidad mantiene contenido nativo y compartir accesible (2.6s)
  ✓  112 [tablet-768] › tests/e2e/public-experience.spec.ts:790:7 › Nosotros filtros por teclado y privacidad con JS true (698ms)
  ✓  113 [tablet-768] › tests/e2e/public-experience.spec.ts:790:7 › Nosotros filtros por teclado y privacidad con JS false (1.1s)
  ✓  114 [tablet-768] › tests/e2e/public-experience.spec.ts:815:5 › Nosotros anuncia y restablece un grupo vacío al filtrar localmente (587ms)
  ✓  115 [tablet-768] › tests/e2e/public-experience.spec.ts:828:5 › Documentos limpia ambas regiones por teclado y restablece todos los controles (815ms)
  ✓  116 [tablet-768] › tests/e2e/verify-correctives.spec.ts:3:5 › navegacion escritorio completa y ubicacion activa (562ms)
  ✓  117 [tablet-768] › tests/e2e/verify-correctives.spec.ts:14:5 › submenú de Selecciones se cierra al abandonar su contexto (855ms)
  ✘  118 [tablet-768] › tests/e2e/verify-correctives.spec.ts:28:5 › jerarquia de header permanece estable en Inicio y Actualidad (5.9s)
  ✓  119 [tablet-768] › tests/e2e/verify-correctives.spec.ts:54:5 › navegacion movil conserva foco visible y recorrido predecible (768ms)
  ✓  120 [tablet-768] › tests/e2e/verify-correctives.spec.ts:75:5 › recorrido accesible llega al contenido y mantiene mensajes identificables (843ms)
  ✘  121 [tablet-768] › tests/e2e/verify-correctives.spec.ts:85:5 › submenu Selecciones abre por hover y conserva cierre por clic y Escape (863ms)
  ✓  122 [tablet-768] › tests/e2e/verify-correctives.spec.ts:108:5 › submenu Selecciones conserva padre activo y teclado en ambas modalidades (905ms)
  ✓  123 [desktop-1024] › tests/e2e/contact.spec.ts:15:5 › Contacto conserva columnas legibles en tablet y desktop (471ms)
  ✓  124 [desktop-1024] › tests/e2e/contact.spec.ts:31:5 › Contacto anuncia el envío dentro del botón y evita solicitudes repetidas mientras procesa (1.8s)
  ✓  125 [desktop-1024] › tests/e2e/contact.spec.ts:47:5 › Contacto no muestra el estado de envío cuando la validación nativa rechaza el formulario (300ms)
  ✓  126 [desktop-1024] › tests/e2e/contact.spec.ts:60:5 › Contacto publica los datos institucionales y un formulario accesible (866ms)
  ✓  127 [desktop-1024] › tests/e2e/contact.spec.ts:84:5 › Contacto asocia errores, conserva teclado y no revela la configuración interna (2.4s)
  ✓  128 [desktop-1024] › tests/e2e/document-admin.spec.ts:111:7 › experiencia administrativa de documentos PDF › A1.1 selecciona un PDF desde Media Library sin mostrar ID ni URL (2.7s)
  ✓  129 [desktop-1024] › tests/e2e/document-admin.spec.ts:122:7 › experiencia administrativa de documentos PDF › A1.2 permite reemplazar y retirar sin borrar el adjunto (2.6s)
  ✓  130 [desktop-1024] › tests/e2e/document-admin.spec.ts:132:7 › experiencia administrativa de documentos PDF › A1.3 un fallo de Media Library conserva la asociación previa y orienta (2.4s)
  ✓  131 [desktop-1024] › tests/e2e/document-admin.spec.ts:139:7 › experiencia administrativa de documentos PDF › A2.1 muestra nombre, peso y estado textual del PDF (2.3s)
  ✓  132 [desktop-1024] › tests/e2e/document-admin.spec.ts:147:7 › experiencia administrativa de documentos PDF › A2.2 informa el menor límite efectivo configurado por WordPress (2.2s)
  ✓  133 [desktop-1024] › tests/e2e/document-admin.spec.ts:157:7 › experiencia administrativa de documentos PDF › A2.3 rechaza un archivo sobredimensionado con acción correctiva (2.2s)
  ✓  134 [desktop-1024] › tests/e2e/document-admin.spec.ts:164:7 › experiencia administrativa de documentos PDF › A3.1 completa el flujo del editor de bloques solo con teclado (2.8s)
  ✓  135 [desktop-1024] › tests/e2e/document-admin.spec.ts:174:7 › experiencia administrativa de documentos PDF › A3.2 el editor clásico ofrece controles equivalentes y ayuda asociada (2.3s)
  ✓  136 [desktop-1024] › tests/e2e/document-admin.spec.ts:183:7 › experiencia administrativa de documentos PDF › A3.3 anuncia errores, enfoca el primer campo inválido y pasa axe (3.0s)
  ✓  137 [desktop-1024] › tests/e2e/document-admin.spec.ts:196:7 › experiencia administrativa de documentos PDF › E1 reemplaza por biblioteca, guarda por HTTP clásico y reintenta sin reselección (8.0s)
  ✓  138 [desktop-1024] › tests/e2e/document-admin.spec.ts:284:7 › experiencia administrativa de documentos PDF › E2 identifica ayuda y estado al enfocar controles de ambos editores (3.6s)
  ✓  139 [desktop-1024] › tests/e2e/document-admin.spec.ts:304:7 › experiencia administrativa de documentos PDF › E3 fallo real de carga conserva asociación y ofrece error accionable (2.6s)
  ✓  140 [desktop-1024] › tests/e2e/document-admin.spec.ts:316:7 › experiencia administrativa de documentos PDF › E4 carga real sobredimensionada se rechaza con límite visible (3.0s)
  ✓  141 [desktop-1024] › tests/e2e/document-admin.spec.ts:345:7 › experiencia administrativa de documentos PDF › E5 selecciona, reemplaza, retira y corrige con activación por teclado (3.1s)
  ✓  142 [desktop-1024] › tests/e2e/home.spec.ts:6:5 › ultimas noticias conserva medios cargados y metadatos semanticos (964ms)
  ✓  143 [desktop-1024] › tests/e2e/home.spec.ts:32:5 › ultimas noticias compone una destacada, tres laterales y navegacion editorial (553ms)
  ✓  144 [desktop-1024] › tests/e2e/home.spec.ts:44:5 › ultimas noticias conserva orden y geometria responsive sin desborde (684ms)
  ✓  145 [desktop-1024] › tests/e2e/home.spec.ts:68:5 › ultimas noticias conserva orden secuencial y foco visible a 320 pixeles (702ms)
  ✓  146 [desktop-1024] › tests/e2e/home.spec.ts:97:5 › slider muestra dots circulares alineados y sin desborde vertical normal (2.1s)
  ✓  147 [desktop-1024] › tests/e2e/home.spec.ts:158:5 › secciones del inicio usan las superficies exactas del diseño (510ms)
  ✓  148 [desktop-1024] › tests/e2e/home.spec.ts:173:5 › vinculacion reproduce la composicion editorial y se adapta sin desborde (839ms)
  ✓  149 [desktop-1024] › tests/e2e/home.spec.ts:217:5 › slider mantiene altura al usar anterior, siguiente e indicadores (2.2s)
  ✓  150 [desktop-1024] › tests/e2e/home.spec.ts:239:5 › inicio responde y no presenta violaciones axe automaticas (1.4s)
  ✓  151 [desktop-1024] › tests/e2e/home.spec.ts:247:5 › inicio conserva el orden aprobado y excluye secciones retiradas (790ms)
  ✓  152 [desktop-1024] › tests/e2e/home.spec.ts:259:5 › slider conserva controles y aliados funciona como marquee solo de logos (2.0s)
  ✓  153 [desktop-1024] › tests/e2e/home.spec.ts:356:5 › slider y aliados quedan estaticos con movimiento reducido (8.2s)
  ✓  154 [desktop-1024] › tests/e2e/home.spec.ts:397:5 › aliados mantiene proporción, alt y ancho sin desborde (1.3s)
6.2 geometry 320: {"overflow":false,"sideBySide":false,"stacked":true}
6.2 geometry 1440: {"overflow":false,"sideBySide":true,"stacked":false}
  ✓  155 [desktop-1024] › tests/e2e/public-experience.spec.ts:14:5 › Nosotros inicia con un banner editorial estático y responsive (1.6s)
  ✓  156 [desktop-1024] › tests/e2e/public-experience.spec.ts:67:5 › Nosotros presenta Misión y Visión administrables con composición responsive (1.2s)
  ✓  157 [desktop-1024] › tests/e2e/public-experience.spec.ts:134:5 › Misión y Visión adaptan contenido editorial largo sin desborde ni solapamiento (677ms)
  ✓  158 [desktop-1024] › tests/e2e/public-experience.spec.ts:169:5 › Nosotros presenta integrantes editables, filtrables y responsive (1.8s)
  ✓  159 [desktop-1024] › tests/e2e/public-experience.spec.ts:226:5 › Nosotros reutiliza el CTA de vinculación después del equipo (1.7s)
  ✓  160 [desktop-1024] › tests/e2e/public-experience.spec.ts:326:5 › contenido publico conserva ancho maximo, centrado y gutters coherentes (692ms)
  ✓  161 [desktop-1024] › tests/e2e/public-experience.spec.ts:349:5 › 3.1 navegación global, páginas institucionales, foco y ruta ausente (1.2s)
  ✓  162 [desktop-1024] › tests/e2e/public-experience.spec.ts:369:5 › 3.2 actualidad ofrece filtros, detalle, estado vacío y privacidad (885ms)
  ✓  163 [desktop-1024] › tests/e2e/public-experience.spec.ts:393:5 › 3.4 documentos ofrece filtros, estado vacío y composición responsive (617ms)
  ✓  164 [desktop-1024] › tests/e2e/public-experience.spec.ts:416:5 › 3.2 selecciones filtra Piso y Playa sin exponer privados (552ms)
  ✓  165 [desktop-1024] › tests/e2e/public-experience.spec.ts:426:5 › 4.2 Selecciones cubre filas, vacio, ultima pagina, teclado, touch y sin JavaScript (1.3s)
  ✓  166 [desktop-1024] › tests/e2e/public-experience.spec.ts:492:5 › 4.4 Selecciones conserva contraste y ausencia de desborde al 200% en cinco anchos (3.4s)
  ✓  167 [desktop-1024] › tests/e2e/public-experience.spec.ts:507:5 › 3.3 no hay desborde, axe pasa y reduced motion se respeta (4.0s)
  ✓  168 [desktop-1024] › tests/e2e/public-experience.spec.ts:520:5 › 3.1 contraste, estados y foco cumplen AA en Actualidad a cinco viewports (3.1s)
  ✓  169 [desktop-1024] › tests/e2e/public-experience.spec.ts:576:5 › 6.2 Documentos conserva composición y texto largo sin desborde (1.2s)
  ✓  170 [desktop-1024] › tests/e2e/public-experience.spec.ts:613:5 › portada y Selecciones conservan contenido en los anchos objetivo (2.9s)
  ✓  171 [desktop-1024] › tests/e2e/public-experience.spec.ts:625:5 › 1.2 actualidad reproduce las regiones Pencil, filtros y navegación responsive (1.9s)
  ✓  172 [desktop-1024] › tests/e2e/public-experience.spec.ts:706:5 › detalle de actualidad mantiene contenido nativo y compartir accesible (2.6s)
  ✓  173 [desktop-1024] › tests/e2e/public-experience.spec.ts:790:7 › Nosotros filtros por teclado y privacidad con JS true (877ms)
  ✓  174 [desktop-1024] › tests/e2e/public-experience.spec.ts:790:7 › Nosotros filtros por teclado y privacidad con JS false (1.6s)
  ✓  175 [desktop-1024] › tests/e2e/public-experience.spec.ts:815:5 › Nosotros anuncia y restablece un grupo vacío al filtrar localmente (698ms)
  ✓  176 [desktop-1024] › tests/e2e/public-experience.spec.ts:828:5 › Documentos limpia ambas regiones por teclado y restablece todos los controles (832ms)
  ✓  177 [desktop-1024] › tests/e2e/verify-correctives.spec.ts:3:5 › navegacion escritorio completa y ubicacion activa (619ms)
  ✓  178 [desktop-1024] › tests/e2e/verify-correctives.spec.ts:14:5 › submenú de Selecciones se cierra al abandonar su contexto (941ms)
  ✘  179 [desktop-1024] › tests/e2e/verify-correctives.spec.ts:28:5 › jerarquia de header permanece estable en Inicio y Actualidad (5.7s)
  ✓  180 [desktop-1024] › tests/e2e/verify-correctives.spec.ts:54:5 › navegacion movil conserva foco visible y recorrido predecible (687ms)
  ✓  181 [desktop-1024] › tests/e2e/verify-correctives.spec.ts:75:5 › recorrido accesible llega al contenido y mantiene mensajes identificables (654ms)
  ✘  182 [desktop-1024] › tests/e2e/verify-correctives.spec.ts:85:5 › submenu Selecciones abre por hover y conserva cierre por clic y Escape (899ms)
  ✓  183 [desktop-1024] › tests/e2e/verify-correctives.spec.ts:108:5 › submenu Selecciones conserva padre activo y teclado en ambas modalidades (1.1s)
  ✓  184 [wide-1440] › tests/e2e/contact.spec.ts:15:5 › Contacto conserva columnas legibles en tablet y desktop (455ms)
  ✓  185 [wide-1440] › tests/e2e/contact.spec.ts:31:5 › Contacto anuncia el envío dentro del botón y evita solicitudes repetidas mientras procesa (1.3s)
  ✓  186 [wide-1440] › tests/e2e/contact.spec.ts:47:5 › Contacto no muestra el estado de envío cuando la validación nativa rechaza el formulario (365ms)
  ✓  187 [wide-1440] › tests/e2e/contact.spec.ts:60:5 › Contacto publica los datos institucionales y un formulario accesible (1.2s)
  ✓  188 [wide-1440] › tests/e2e/contact.spec.ts:84:5 › Contacto asocia errores, conserva teclado y no revela la configuración interna (700ms)
  ✓  189 [wide-1440] › tests/e2e/document-admin.spec.ts:111:7 › experiencia administrativa de documentos PDF › A1.1 selecciona un PDF desde Media Library sin mostrar ID ni URL (3.2s)
  ✓  190 [wide-1440] › tests/e2e/document-admin.spec.ts:122:7 › experiencia administrativa de documentos PDF › A1.2 permite reemplazar y retirar sin borrar el adjunto (2.6s)
  ✓  191 [wide-1440] › tests/e2e/document-admin.spec.ts:132:7 › experiencia administrativa de documentos PDF › A1.3 un fallo de Media Library conserva la asociación previa y orienta (2.3s)
  ✓  192 [wide-1440] › tests/e2e/document-admin.spec.ts:139:7 › experiencia administrativa de documentos PDF › A2.1 muestra nombre, peso y estado textual del PDF (2.3s)
  ✓  193 [wide-1440] › tests/e2e/document-admin.spec.ts:147:7 › experiencia administrativa de documentos PDF › A2.2 informa el menor límite efectivo configurado por WordPress (2.6s)
  ✓  194 [wide-1440] › tests/e2e/document-admin.spec.ts:157:7 › experiencia administrativa de documentos PDF › A2.3 rechaza un archivo sobredimensionado con acción correctiva (2.6s)
  ✓  195 [wide-1440] › tests/e2e/document-admin.spec.ts:164:7 › experiencia administrativa de documentos PDF › A3.1 completa el flujo del editor de bloques solo con teclado (2.8s)
  ✓  196 [wide-1440] › tests/e2e/document-admin.spec.ts:174:7 › experiencia administrativa de documentos PDF › A3.2 el editor clásico ofrece controles equivalentes y ayuda asociada (2.1s)
  ✓  197 [wide-1440] › tests/e2e/document-admin.spec.ts:183:7 › experiencia administrativa de documentos PDF › A3.3 anuncia errores, enfoca el primer campo inválido y pasa axe (2.9s)
  ✓  198 [wide-1440] › tests/e2e/document-admin.spec.ts:196:7 › experiencia administrativa de documentos PDF › E1 reemplaza por biblioteca, guarda por HTTP clásico y reintenta sin reselección (7.7s)
  ✓  199 [wide-1440] › tests/e2e/document-admin.spec.ts:284:7 › experiencia administrativa de documentos PDF › E2 identifica ayuda y estado al enfocar controles de ambos editores (4.0s)
  ✓  200 [wide-1440] › tests/e2e/document-admin.spec.ts:304:7 › experiencia administrativa de documentos PDF › E3 fallo real de carga conserva asociación y ofrece error accionable (2.6s)
  ✓  201 [wide-1440] › tests/e2e/document-admin.spec.ts:316:7 › experiencia administrativa de documentos PDF › E4 carga real sobredimensionada se rechaza con límite visible (2.8s)
  ✓  202 [wide-1440] › tests/e2e/document-admin.spec.ts:345:7 › experiencia administrativa de documentos PDF › E5 selecciona, reemplaza, retira y corrige con activación por teclado (2.9s)
  ✓  203 [wide-1440] › tests/e2e/home.spec.ts:6:5 › ultimas noticias conserva medios cargados y metadatos semanticos (1.0s)
  ✓  204 [wide-1440] › tests/e2e/home.spec.ts:32:5 › ultimas noticias compone una destacada, tres laterales y navegacion editorial (671ms)
  ✓  205 [wide-1440] › tests/e2e/home.spec.ts:44:5 › ultimas noticias conserva orden y geometria responsive sin desborde (686ms)
  ✓  206 [wide-1440] › tests/e2e/home.spec.ts:68:5 › ultimas noticias conserva orden secuencial y foco visible a 320 pixeles (734ms)
  ✓  207 [wide-1440] › tests/e2e/home.spec.ts:97:5 › slider muestra dots circulares alineados y sin desborde vertical normal (2.1s)
  ✓  208 [wide-1440] › tests/e2e/home.spec.ts:158:5 › secciones del inicio usan las superficies exactas del diseño (691ms)
  ✓  209 [wide-1440] › tests/e2e/home.spec.ts:173:5 › vinculacion reproduce la composicion editorial y se adapta sin desborde (1.1s)
  ✓  210 [wide-1440] › tests/e2e/home.spec.ts:217:5 › slider mantiene altura al usar anterior, siguiente e indicadores (2.5s)
  ✓  211 [wide-1440] › tests/e2e/home.spec.ts:239:5 › inicio responde y no presenta violaciones axe automaticas (1.6s)
  ✓  212 [wide-1440] › tests/e2e/home.spec.ts:247:5 › inicio conserva el orden aprobado y excluye secciones retiradas (676ms)
  ✓  213 [wide-1440] › tests/e2e/home.spec.ts:259:5 › slider conserva controles y aliados funciona como marquee solo de logos (2.1s)
  ✓  214 [wide-1440] › tests/e2e/home.spec.ts:356:5 › slider y aliados quedan estaticos con movimiento reducido (8.3s)
  ✓  215 [wide-1440] › tests/e2e/home.spec.ts:397:5 › aliados mantiene proporción, alt y ancho sin desborde (2.1s)
6.2 geometry 320: {"overflow":false,"sideBySide":false,"stacked":true}
6.2 geometry 1440: {"overflow":false,"sideBySide":true,"stacked":false}
  ✓  216 [wide-1440] › tests/e2e/public-experience.spec.ts:14:5 › Nosotros inicia con un banner editorial estático y responsive (2.1s)
  ✓  217 [wide-1440] › tests/e2e/public-experience.spec.ts:67:5 › Nosotros presenta Misión y Visión administrables con composición responsive (1.4s)
  ✓  218 [wide-1440] › tests/e2e/public-experience.spec.ts:134:5 › Misión y Visión adaptan contenido editorial largo sin desborde ni solapamiento (665ms)
  ✓  219 [wide-1440] › tests/e2e/public-experience.spec.ts:169:5 › Nosotros presenta integrantes editables, filtrables y responsive (1.7s)
  ✓  220 [wide-1440] › tests/e2e/public-experience.spec.ts:226:5 › Nosotros reutiliza el CTA de vinculación después del equipo (1.8s)
  ✓  221 [wide-1440] › tests/e2e/public-experience.spec.ts:326:5 › contenido publico conserva ancho maximo, centrado y gutters coherentes (769ms)
  ✓  222 [wide-1440] › tests/e2e/public-experience.spec.ts:349:5 › 3.1 navegación global, páginas institucionales, foco y ruta ausente (1.2s)
  ✓  223 [wide-1440] › tests/e2e/public-experience.spec.ts:369:5 › 3.2 actualidad ofrece filtros, detalle, estado vacío y privacidad (936ms)
  ✓  224 [wide-1440] › tests/e2e/public-experience.spec.ts:393:5 › 3.4 documentos ofrece filtros, estado vacío y composición responsive (1.1s)
  ✓  225 [wide-1440] › tests/e2e/public-experience.spec.ts:416:5 › 3.2 selecciones filtra Piso y Playa sin exponer privados (490ms)
  ✓  226 [wide-1440] › tests/e2e/public-experience.spec.ts:426:5 › 4.2 Selecciones cubre filas, vacio, ultima pagina, teclado, touch y sin JavaScript (1.1s)
  ✓  227 [wide-1440] › tests/e2e/public-experience.spec.ts:492:5 › 4.4 Selecciones conserva contraste y ausencia de desborde al 200% en cinco anchos (3.1s)
  ✓  228 [wide-1440] › tests/e2e/public-experience.spec.ts:507:5 › 3.3 no hay desborde, axe pasa y reduced motion se respeta (3.3s)
  ✓  229 [wide-1440] › tests/e2e/public-experience.spec.ts:520:5 › 3.1 contraste, estados y foco cumplen AA en Actualidad a cinco viewports (3.1s)
  ✓  230 [wide-1440] › tests/e2e/public-experience.spec.ts:576:5 › 6.2 Documentos conserva composición y texto largo sin desborde (1.2s)
  ✓  231 [wide-1440] › tests/e2e/public-experience.spec.ts:613:5 › portada y Selecciones conservan contenido en los anchos objetivo (2.6s)
  ✓  232 [wide-1440] › tests/e2e/public-experience.spec.ts:625:5 › 1.2 actualidad reproduce las regiones Pencil, filtros y navegación responsive (2.0s)
  ✓  233 [wide-1440] › tests/e2e/public-experience.spec.ts:706:5 › detalle de actualidad mantiene contenido nativo y compartir accesible (2.7s)
  ✓  234 [wide-1440] › tests/e2e/public-experience.spec.ts:790:7 › Nosotros filtros por teclado y privacidad con JS true (923ms)
  ✓  235 [wide-1440] › tests/e2e/public-experience.spec.ts:790:7 › Nosotros filtros por teclado y privacidad con JS false (1.6s)
  ✓  236 [wide-1440] › tests/e2e/public-experience.spec.ts:815:5 › Nosotros anuncia y restablece un grupo vacío al filtrar localmente (731ms)
  ✓  237 [wide-1440] › tests/e2e/public-experience.spec.ts:828:5 › Documentos limpia ambas regiones por teclado y restablece todos los controles (831ms)
  ✓  238 [wide-1440] › tests/e2e/verify-correctives.spec.ts:3:5 › navegacion escritorio completa y ubicacion activa (578ms)
  ✓  239 [wide-1440] › tests/e2e/verify-correctives.spec.ts:14:5 › submenú de Selecciones se cierra al abandonar su contexto (981ms)
  ✘  240 [wide-1440] › tests/e2e/verify-correctives.spec.ts:28:5 › jerarquia de header permanece estable en Inicio y Actualidad (5.7s)
  ✓  241 [wide-1440] › tests/e2e/verify-correctives.spec.ts:54:5 › navegacion movil conserva foco visible y recorrido predecible (677ms)
  ✓  242 [wide-1440] › tests/e2e/verify-correctives.spec.ts:75:5 › recorrido accesible llega al contenido y mantiene mensajes identificables (1.0s)
  ✘  243 [wide-1440] › tests/e2e/verify-correctives.spec.ts:85:5 › submenu Selecciones abre por hover y conserva cierre por clic y Escape (1.0s)
  ✓  244 [wide-1440] › tests/e2e/verify-correctives.spec.ts:108:5 › submenu Selecciones conserva padre activo y teclado en ambas modalidades (977ms)


  1) [mobile-320] › tests/e2e/public-experience.spec.ts:349:5 › 3.1 navegación global, páginas institucionales, foco y ruta ausente 

    Error: [31mTimed out 5000ms waiting for [39m[2mexpect([22m[31mlocator[39m[2m).[22mtoBeVisible[2m()[22m

    Locator: getByRole('navigation', { name: /navegación principal/i }).getByRole('link', { name: 'Inicio', exact: true })
    Expected: visible
    Received: <element(s) not found>
    Call log:
    [2m  - Expect "toBeVisible" with timeout 5000ms[22m
    [2m  - waiting for getByRole('navigation', { name: /navegación principal/i }).getByRole('link', { name: 'Inicio', exact: true })[22m


      353 |   const navigation = page.getByRole('navigation', { name: /navegación principal/i });
      354 |   await expect(navigation).toBeVisible();
    > 355 |   await expect(navigation.getByRole('link', { name: 'Inicio', exact: true })).toBeVisible();
          |                                                                               ^
      356 |   await expect(navigation.getByRole('link', { name: 'Nosotros', exact: true })).toHaveAttribute('href', /\/nosotros\/?$/);
      357 |   await page.keyboard.press('Tab');
      358 |   await expect(page.locator(':focus-visible')).toBeVisible();
        at /app/tests/e2e/public-experience.spec.ts:355:79

    Error Context: artifacts/playwright/public-experience-3-1-nave-7b75e-ionales-foco-y-ruta-ausente-mobile-320/error-context.md

  2) [mobile-320] › tests/e2e/verify-correctives.spec.ts:14:5 › submenú de Selecciones se cierra al abandonar su contexto 

    Error: [31mTimed out 5000ms waiting for [39m[2mexpect([22m[31mlocator[39m[2m).[22mtoHaveAttribute[2m([22m[32mexpected[39m[2m)[22m

    Locator: getByRole('button', { name: 'Selecciones', exact: true })
    Expected string: [32m"false"[39m
    Received: <element(s) not found>
    Call log:
    [2m  - Expect "toHaveAttribute" with timeout 5000ms[22m
    [2m  - waiting for getByRole('button', { name: 'Selecciones', exact: true })[22m


      23 |   await nav.getByRole('link', { name: 'Actualidad', exact: true }).click();
      24 |   await expect(page).toHaveURL(/\/actualidad\/$/);
    > 25 |   await expect(page.getByRole('button', { name: 'Selecciones', exact: true })).toHaveAttribute('aria-expanded', 'false');
         |                                                                                ^
      26 | });
      27 |
      28 | test('jerarquia de header permanece estable en Inicio y Actualidad', async ({ page }) => {
        at /app/tests/e2e/verify-correctives.spec.ts:25:80

    Error Context: artifacts/playwright/verify-correctives-submenú-b0485-ra-al-abandonar-su-contexto-mobile-320/error-context.md

  3) [mobile-320] › tests/e2e/verify-correctives.spec.ts:108:5 › submenu Selecciones conserva padre activo y teclado en ambas modalidades 

    Error: [31mTimed out 5000ms waiting for [39m[2mexpect([22m[31mlocator[39m[2m).[22mtoHaveCount[2m([22m[32mexpected[39m[2m)[22m

    Locator: locator(':focus-visible')
    Expected: [32m1[39m
    Received: [31m0[39m
    Call log:
    [2m  - Expect "toHaveCount" with timeout 5000ms[22m
    [2m  - waiting for locator(':focus-visible')[22m
    [2m    9 × locator resolved to 0 elements[22m
    [2m      - unexpected value "0"[22m


      117 |     const activeColor = await toggle.evaluate(el => getComputedStyle(el).color);
      118 |     await toggle.focus();
    > 119 |     await expect(page.locator(':focus-visible')).toHaveCount(1);
          |                                                  ^
      120 |     await page.keyboard.press('Space');
      121 |     await expect(toggle).toHaveAttribute('aria-expanded', 'true');
      122 |     expect(await toggle.evaluate(el => getComputedStyle(el).color)).toBe(activeColor);
        at /app/tests/e2e/verify-correctives.spec.ts:119:50

    Error Context: artifacts/playwright/verify-correctives-submenu-46e76-eclado-en-ambas-modalidades-mobile-320/error-context.md

  4) [tablet-768] › tests/e2e/verify-correctives.spec.ts:28:5 › jerarquia de header permanece estable en Inicio y Actualidad 

    Error: [31mTimed out 5000ms waiting for [39m[2mexpect([22m[31mlocator[39m[2m).[22mtoHaveAttribute[2m([22m[32mexpected[39m[2m)[22m

    Locator: getByRole('navigation', { name: /principal/i }).getByRole('link', { name: 'Balonmano Piso', exact: true })
    Expected pattern: [32m/modalidad=Piso/[39m
    Received: <element(s) not found>
    Call log:
    [2m  - Expect "toHaveAttribute" with timeout 5000ms[22m
    [2m  - waiting for getByRole('navigation', { name: /principal/i }).getByRole('link', { name: 'Balonmano Piso', exact: true })[22m


      41 |     const parent = submenuToggle;
      42 |     await expect(nav.getByRole('link', { name: 'Selecciones', exact: true })).toHaveCount(0);
    > 43 |     await expect(parent).not.toHaveAttribute('href');
         |                                                                                  ^
      44 |     await expect(nav.getByRole('link', { name: 'Balonmano Piso', exact: true })).toHaveAttribute('href', /modalidad=Piso/);
      45 |     await expect(nav.getByRole('link', { name: 'Balonmano Playa', exact: true })).toHaveAttribute('href', /modalidad=Playa/);
      46 |     await expect(nav.getByRole('link', { name: route === '/' ? 'Inicio' : 'Actualidad', exact: true })).toHaveAttribute('aria-current', 'page');
        at /app/tests/e2e/verify-correctives.spec.ts:43:82

    Error Context: artifacts/playwright/verify-correctives-jerarqu-ea6b1-able-en-Inicio-y-Actualidad-tablet-768/error-context.md

  5) [tablet-768] › tests/e2e/verify-correctives.spec.ts:85:5 › submenu Selecciones abre por hover y conserva cierre por clic y Escape 

    Error: locator.hover: Error: strict mode violation: getByRole('link', { name: 'Inicio', exact: true }) resolved to 2 elements:
        1) <a aria-current="page" href="http://host.docker.internal:8080/">Inicio</a> aka getByLabel('Navegación principal').getByRole('link', { name: 'Inicio' })
        2) <a href="/">Inicio</a> aka getByRole('link', { name: 'Inicio' }).nth(2)

    Call log:
    [2m  - waiting for getByRole('link', { name: 'Inicio', exact: true })[22m


      92 |   await expect(toggle).toHaveAttribute('aria-expanded', 'true');
      93 |   await page.getByRole('link', { name: 'Balonmano Piso', exact: true }).hover();
    > 94 |   await expect(toggle).toHaveAttribute('aria-expanded', 'true');
         |                                                                 ^
      95 |   await page.getByRole('link', { name: 'Inicio', exact: true }).hover();
      96 |   await expect(toggle).toHaveAttribute('aria-expanded', 'false');
      97 |   await toggle.hover();
        at /app/tests/e2e/verify-correctives.spec.ts:94:65

    Error Context: artifacts/playwright/verify-correctives-submenu-90913-va-cierre-por-clic-y-Escape-tablet-768/error-context.md

  6) [desktop-1024] › tests/e2e/verify-correctives.spec.ts:28:5 › jerarquia de header permanece estable en Inicio y Actualidad 

    Error: [31mTimed out 5000ms waiting for [39m[2mexpect([22m[31mlocator[39m[2m).[22mtoHaveAttribute[2m([22m[32mexpected[39m[2m)[22m

    Locator: getByRole('navigation', { name: /principal/i }).getByRole('link', { name: 'Balonmano Piso', exact: true })
    Expected pattern: [32m/modalidad=Piso/[39m
    Received: <element(s) not found>
    Call log:
    [2m  - Expect "toHaveAttribute" with timeout 5000ms[22m
    [2m  - waiting for getByRole('navigation', { name: /principal/i }).getByRole('link', { name: 'Balonmano Piso', exact: true })[22m


      41 |     const parent = submenuToggle;
      42 |     await expect(nav.getByRole('link', { name: 'Selecciones', exact: true })).toHaveCount(0);
    > 43 |     await expect(parent).not.toHaveAttribute('href');
         |                                                                                  ^
      44 |     await expect(nav.getByRole('link', { name: 'Balonmano Piso', exact: true })).toHaveAttribute('href', /modalidad=Piso/);
      45 |     await expect(nav.getByRole('link', { name: 'Balonmano Playa', exact: true })).toHaveAttribute('href', /modalidad=Playa/);
      46 |     await expect(nav.getByRole('link', { name: route === '/' ? 'Inicio' : 'Actualidad', exact: true })).toHaveAttribute('aria-current', 'page');
        at /app/tests/e2e/verify-correctives.spec.ts:43:82

    Error Context: artifacts/playwright/verify-correctives-jerarqu-ea6b1-able-en-Inicio-y-Actualidad-desktop-1024/error-context.md

  7) [desktop-1024] › tests/e2e/verify-correctives.spec.ts:85:5 › submenu Selecciones abre por hover y conserva cierre por clic y Escape 

    Error: locator.hover: Error: strict mode violation: getByRole('link', { name: 'Inicio', exact: true }) resolved to 2 elements:
        1) <a aria-current="page" href="http://host.docker.internal:8080/">Inicio</a> aka getByLabel('Navegación principal').getByRole('link', { name: 'Inicio' })
        2) <a href="/">Inicio</a> aka getByRole('link', { name: 'Inicio' }).nth(2)

    Call log:
    [2m  - waiting for getByRole('link', { name: 'Inicio', exact: true })[22m


      92 |   await expect(toggle).toHaveAttribute('aria-expanded', 'true');
      93 |   await page.getByRole('link', { name: 'Balonmano Piso', exact: true }).hover();
    > 94 |   await expect(toggle).toHaveAttribute('aria-expanded', 'true');
         |                                                                 ^
      95 |   await page.getByRole('navigation', { name: /principal/i }).getByRole('link', { name: 'Inicio', exact: true }).hover();
      96 |   await expect(toggle).toHaveAttribute('aria-expanded', 'false');
      97 |   await toggle.hover();
        at /app/tests/e2e/verify-correctives.spec.ts:94:65

    Error Context: artifacts/playwright/verify-correctives-submenu-90913-va-cierre-por-clic-y-Escape-desktop-1024/error-context.md

  8) [wide-1440] › tests/e2e/verify-correctives.spec.ts:28:5 › jerarquia de header permanece estable en Inicio y Actualidad 

    Error: [31mTimed out 5000ms waiting for [39m[2mexpect([22m[31mlocator[39m[2m).[22mtoHaveAttribute[2m([22m[32mexpected[39m[2m)[22m

    Locator: getByRole('navigation', { name: /principal/i }).getByRole('link', { name: 'Balonmano Piso', exact: true })
    Expected pattern: [32m/modalidad=Piso/[39m
    Received: <element(s) not found>
    Call log:
    [2m  - Expect "toHaveAttribute" with timeout 5000ms[22m
    [2m  - waiting for getByRole('navigation', { name: /principal/i }).getByRole('link', { name: 'Balonmano Piso', exact: true })[22m


      41 |     const parent = submenuToggle;
      42 |     await expect(nav.getByRole('link', { name: 'Selecciones', exact: true })).toHaveCount(0);
    > 43 |     await expect(parent).not.toHaveAttribute('href');
         |                                                                                  ^
      44 |     await expect(nav.getByRole('link', { name: 'Balonmano Piso', exact: true })).toHaveAttribute('href', /modalidad=Piso/);
      45 |     await expect(nav.getByRole('link', { name: 'Balonmano Playa', exact: true })).toHaveAttribute('href', /modalidad=Playa/);
      46 |     await expect(nav.getByRole('link', { name: route === '/' ? 'Inicio' : 'Actualidad', exact: true })).toHaveAttribute('aria-current', 'page');
        at /app/tests/e2e/verify-correctives.spec.ts:43:82

    Error Context: artifacts/playwright/verify-correctives-jerarqu-ea6b1-able-en-Inicio-y-Actualidad-wide-1440/error-context.md

  9) [wide-1440] › tests/e2e/verify-correctives.spec.ts:85:5 › submenu Selecciones abre por hover y conserva cierre por clic y Escape 

    Error: locator.hover: Error: strict mode violation: getByRole('link', { name: 'Inicio', exact: true }) resolved to 2 elements:
        1) <a aria-current="page" href="http://host.docker.internal:8080/">Inicio</a> aka getByLabel('Navegación principal').getByRole('link', { name: 'Inicio' })
        2) <a href="/">Inicio</a> aka getByRole('link', { name: 'Inicio' }).nth(2)

    Call log:
    [2m  - waiting for getByRole('link', { name: 'Inicio', exact: true })[22m


      92 |   await expect(toggle).toHaveAttribute('aria-expanded', 'true');
      93 |   await page.getByRole('link', { name: 'Balonmano Piso', exact: true }).hover();
    > 94 |   await expect(toggle).toHaveAttribute('aria-expanded', 'true');
         |                                                                 ^
      95 |   await page.getByRole('navigation', { name: /principal/i }).getByRole('link', { name: 'Inicio', exact: true }).hover();
      96 |   await expect(toggle).toHaveAttribute('aria-expanded', 'false');
      97 |   await toggle.hover();
        at /app/tests/e2e/verify-correctives.spec.ts:94:65

    Error Context: artifacts/playwright/verify-correctives-submenu-90913-va-cierre-por-clic-y-Escape-wide-1440/error-context.md

  9 failed
    [mobile-320] › tests/e2e/public-experience.spec.ts:349:5 › 3.1 navegación global, páginas institucionales, foco y ruta ausente 
    [mobile-320] › tests/e2e/verify-correctives.spec.ts:14:5 › submenú de Selecciones se cierra al abandonar su contexto 
    [mobile-320] › tests/e2e/verify-correctives.spec.ts:108:5 › submenu Selecciones conserva padre activo y teclado en ambas modalidades 
    [tablet-768] › tests/e2e/verify-correctives.spec.ts:28:5 › jerarquia de header permanece estable en Inicio y Actualidad 
    [tablet-768] › tests/e2e/verify-correctives.spec.ts:85:5 › submenu Selecciones abre por hover y conserva cierre por clic y Escape 
    [desktop-1024] › tests/e2e/verify-correctives.spec.ts:28:5 › jerarquia de header permanece estable en Inicio y Actualidad 
    [desktop-1024] › tests/e2e/verify-correctives.spec.ts:85:5 › submenu Selecciones abre por hover y conserva cierre por clic y Escape 
    [wide-1440] › tests/e2e/verify-correctives.spec.ts:28:5 › jerarquia de header permanece estable en Inicio y Actualidad 
    [wide-1440] › tests/e2e/verify-correctives.spec.ts:85:5 › submenu Selecciones abre por hover y conserva cierre por clic y Escape 
  1 skipped
  234 passed (8.0m)

#0 building with "desktop-linux" instance using docker driver

#1 [internal] load build definition from Dockerfile
#1 transferring dockerfile: 205B 0.0s done
#1 DONE 0.0s

#2 [internal] load metadata for docker.io/library/node:22.13.1-bookworm
#2 ...

#3 [auth] library/node:pull token for registry-1.docker.io
#3 DONE 0.0s

#2 [internal] load metadata for docker.io/library/node:22.13.1-bookworm
#2 DONE 1.0s

#4 [internal] load .dockerignore
#4 transferring context: 2B done
#4 DONE 0.0s

#5 [1/3] FROM docker.io/library/node:22.13.1-bookworm@sha256:5145c882f9e32f07dd7593962045d97f221d57a1b609f5bf7a807eb89deff9d6
#5 resolve docker.io/library/node:22.13.1-bookworm@sha256:5145c882f9e32f07dd7593962045d97f221d57a1b609f5bf7a807eb89deff9d6 0.0s done
#5 DONE 0.0s

#6 [2/3] RUN npm install --global --no-audit --no-fund pnpm@11.17.0     && npx --yes @playwright/test@1.54.1 install-deps chromium
#6 CACHED

#7 [3/3] WORKDIR /app
#7 CACHED

#8 exporting to image
#8 exporting layers done
#8 exporting manifest sha256:ff370d7e25cd777c72ee916c8a51059e3e33f05d36af9e44d05b7db40c279e2b done
#8 exporting config sha256:d89bf87b3de40de46973b15076eda597f8fa3a9f24fc6f7f293ac379f0509fe5 done
#8 exporting attestation manifest sha256:7e9708c338e47e1c12bc2f71f2e0a8cb966260ed6206b020d0c28b150996fd95 0.0s done
#8 exporting manifest list sha256:2521d5cdf7e9061be85ace09546f49a7c94d255666b6233f70503238c3fe5430 0.0s done
#8 naming to docker.io/library/labm-browser-gate:node-22.13.1
#8 naming to docker.io/library/labm-browser-gate:node-22.13.1 done
#8 unpacking to docker.io/library/labm-browser-gate:node-22.13.1 0.0s done
#8 DONE 0.1s
 Container labm-db-1 Running 
 Container labm-wordpress-1 Running 
 Container labm-db-1 Waiting 
 Container labm-db-1 Healthy 
 Container labm-db-1 Waiting 
 Container labm-wordpress-1 Waiting 
 Container labm-wordpress-1 Healthy 
 Container labm-db-1 Healthy 
 Container labm-wp-cli-run-64d43736e012 Creating 
 Container labm-wp-cli-run-64d43736e012 Created 
 Container labm-wordpress-1 Running 
 Container labm-db-1 Running 
 Container labm-db-1 Waiting 
 Container labm-db-1 Healthy 
 Container labm-wordpress-1 Waiting 
 Container labm-db-1 Waiting 
 Container labm-db-1 Healthy 
 Container labm-wordpress-1 Healthy 
 Container labm-wp-cli-run-978188f7ec69 Creating 
 Container labm-wp-cli-run-978188f7ec69 Created 
 Container labm-db-1 Running 
 Container labm-wordpress-1 Running 
 Container labm-db-1 Waiting 
 Container labm-db-1 Healthy 
 Container labm-wordpress-1 Waiting 
 Container labm-db-1 Waiting 
 Container labm-wordpress-1 Healthy 
 Container labm-db-1 Healthy 
 Container labm-wp-cli-run-27ddc8c6b740 Creating 
 Container labm-wp-cli-run-27ddc8c6b740 Created 
Warning: Se preservo contenido ajeno con slug demo-labm-slide-publicado-uno.
 Container labm-wordpress-1 Running 
 Container labm-db-1 Running 
 Container labm-db-1 Waiting 
 Container labm-db-1 Healthy 
 Container labm-db-1 Waiting 
 Container labm-wordpress-1 Waiting 
 Container labm-db-1 Healthy 
 Container labm-wordpress-1 Healthy 
 Container labm-wp-cli-run-cfa20cff05ae Creating 
 Container labm-wp-cli-run-cfa20cff05ae Created 
 Container labm-wordpress-1 Running 
 Container labm-db-1 Running 
 Container labm-db-1 Waiting 
 Container labm-db-1 Healthy 
 Container labm-db-1 Waiting 
 Container labm-wordpress-1 Waiting 
 Container labm-db-1 Healthy 
 Container labm-wordpress-1 Healthy 
 Container labm-wp-cli-run-a109b6aa6fa3 Creating 
 Container labm-wp-cli-run-a109b6aa6fa3 Created 

